[a_Rodin.utils-[36mDBG[0m]: [36mRodinBridge: register[0m
[a_Rodin.utils-[33mWRN[0m]: [33mPort 61863 is in use[0m
[a_Rodin.utils-[33mWRN[0m]: [33mServer running on port 61864[0m
[a_Rodin.utils-[36mDBG[0m]: [36mon_scene_load[0m
[a_Rodin.utils-[36mDBG[0m]: [36mensure_default_image[0m
[a_Rodin.utils-[36mDBG[0m]: [36mRodinBridge: unregister[0m
BlenderMCP: cannot start server in background mode (blender -b) - commands would never execute
BlenderMCP: run Blender with a GUI, or use a virtual display: xvfb-run -a blender
BlenderMCP addon registered
BlenderMCP server stopped
BlenderMCP addon unregistered
18:53:31 | INFO: Data are loaded, start creating Blender stuff
18:53:31 | INFO: Blender create Mesh node lantern-reaver_tpose_condition
18:53:31 | INFO: glTF import finished in 0.00s
Reloading external rigs...
Reloading external metarigs...
Fetch rig.
Clear rig animation data.
Create widgets collection: 0.000
Duplicate rig: 0.001
Instantiate rigs: 0.000
Initialize rigs: 0.000
Prepare bones: 0.000
Generate bones: 0.005
Parent bones: 0.003
Configure bones: 0.004
Preapply bones: 0.001
Apply bones: 0.001
Rig bones: 0.007
Generate widgets: 0.007
Assign layers: 0.006
Finalize: 0.013
The rest: 0.007
Info: Saved copy as "lantern-reaver_rigged.blend"
INFO Draco is available, use library at /Applications/Blender.app/Contents/Resources/5.2/scripts/addons_core/io_scene_gltf2/libbf_intern_draco_bridge.dylib
INFO MeshOptimizer is available, use library at /Applications/Blender.app/Contents/Resources/5.2/scripts/addons_core/io_scene_gltf2/libbf_intern_meshopt_bridge.dylib
18:53:32 | INFO: Starting glTF 2.0 export
18:53:32 | INFO: Extracting primitive: lantern-reaver_tpose_condition
18:53:32 | INFO: Primitives created: 1
18:53:33 | INFO: Finished glTF 2.0 export in 1.1324059963226318 s

RIG_ANIMATE_RESULT_JSON:{"assetId": "lantern-reaver", "category": "enemies", "steps": [{"step": "import", "object": "lantern-reaver_tpose_condition", "vertCount": 384}, {"step": "merge_by_distance", "vertsBefore": 384, "vertsAfter": 128}, {"step": "pedestal_cut_detect", "cutHeightFrac": 0.4875, "cutZ": 0.97277, "radiusProfile": [0.2769, 0.2769, 0.0, 0.0, 0.0, 0.0, 0.0, 0.0, 0.0, 0.2769, 0.0, 0.0, 0.0, 0.0, 0.0, 0.0, 0.0, 0.0, 0.0, 0.2769, 0.0, 0.0, 0.2482, 0.0, 0.0, 0.0, 0.0, 0.0, 0.0, 0.0, 0.0, 0.9929, 1.1648, 1.1648, 0.2482, 0.1146, 0.0, 0.0, 0.0, 0.0]}, {"step": "separate", "pedestalVerts": 56, "bodyVerts": 104}, {"step": "rigify_generate", "armature": "lantern-reaver_armature", "boneCount": 222, "bodyHeight": 1.0227}, {"step": "bind_automatic_weights", "defBoneCount": 35, "missingVertexGroups": []}, {"step": "author_animations", "actions": [{"clipId": "lantern-reaver::idle::v01", "frames": 120, "keyPoses": 4}, {"clipId": "lantern-reaver::move::v01", "frames": 72, "keyPoses": 5}, {"clipId": "lantern-reaver::run::v01", "frames": 84, "keyPoses": 6}, {"clipId": "lantern-reaver::hit::v01", "frames": 54, "keyPoses": 6}, {"clipId": "lantern-reaver::bighit::v01", "frames": 84, "keyPoses": 7}, {"clipId": "lantern-reaver::attack::v01", "frames": 90, "keyPoses": 7}, {"clipId": "lantern-reaver::critical::v01", "frames": 72, "keyPoses": 6}, {"clipId": "lantern-reaver::avoid::v01", "frames": 42, "keyPoses": 5}, {"clipId": "lantern-reaver::defence::v01", "frames": 78, "keyPoses": 5}, {"clipId": "lantern-reaver::die::v01", "frames": 72, "keyPoses": 5}, {"clipId": "lantern-reaver::show::v01", "frames": 96, "keyPoses": 6}]}, {"step": "export", "wipBlend": "_workspace/current/engineering/asset-pipeline/ingame-mesh/characters/enemies/rig/lantern-reaver_rigged.blend", "finalGlb": "_workspace/current/engineering/asset-pipeline/ingame-mesh/characters/glb/lantern-reaver.glb", "pedestalRemoved": true}], "pedestalRemoved": true, "status": "completed"}
Blender 5.2.0 LTS (hash fbe6228777e7 built 2026-07-14 01:31:22)

Blender quit
